Microchip MPLAB XC8 Compiler V2.30

Linker command line:

-W-3 --edf=C:\Program Files\Microchip\xc8\v2.30\pic\dat\en_msgs.txt -cn \
  -h+dist/default/production\PIC16F886.X.production.sym \
  --cmf=dist/default/production\PIC16F886.X.production.cmf -z -Q16F886 \
  -oC:\Users\User\AppData\Local\Temp\salsx2 --defsym=__MPLAB_BUILD=1 \
  -Mdist/default/production/PIC16F886.X.production.map -E1 \
  -ver=XC8 Compiler --acfsm=1493 -ASTACK=0110h-016Fh -pstack=STACK \
  -ACODE=00h-07FFhx4 -ASTRCODE=00h-01FFFh -ASTRING=00h-0FFhx32 \
  -ACONST=00h-0FFhx32 -AENTRY=00h-0FFhx32 -ACOMMON=070h-07Fh \
  -ABANK0=020h-06Fh -ABANK1=0A0h-0EFh -ABANK2=0110h-016Fh \
  -ABANK3=0190h-01EFh -ARAM=020h-06Fh,0A0h-0EFh,0110h-016Fh,0190h-01EFh \
  -AABS1=020h-07Fh,0A0h-0EFh,0110h-016Fh,0190h-01EFh -ASFR0=00h-01Fh \
  -ASFR1=080h-09Fh -ASFR2=0100h-010Fh -ASFR3=0180h-018Fh \
  -ACONFIG=02007h-02008h -DCONFIG=2 -AIDLOC=02000h-02003h -DIDLOC=2 \
  -AEEDATA=00h-0FFh/02100h -peeprom_data=EEDATA -DEEDATA=2 -DCODE=2 \
  -DSTRCODE=2 -DSTRING=2 -DCONST=2 -DENTRY=2 \
  -preset_vec=00h,intentry=04h,init,end_init -ppowerup=CODE -pcinit=CODE \
  -pfunctab=ENTRY -k C:\Users\User\AppData\Local\Temp\salsxc.o \
  dist/default/production\PIC16F886.X.production.o 

Object code version is 3.11

Machine type is 16F886



                Name                               Link     Load   Length Selector   Space Scale
C:\Users\User\AppData\Local\Temp\salsxc.o
                end_init                              C        C        3        8       0
                reset_vec                             0        0        3        0       0
                config                             2007     2007        2        0       4
dist/default/production\PIC16F886.X.production.o
                cinit                                 F        F       22        8       0
                intentry                              4        4        8        8       0
                config                             2007     2007        2        0       4
                text16                              68D      68D       48        8       0
                text15                              F71      F71        C     1EE2       0
                text14                              FCA      FCA       17     1F94       0
                text13                              FE1      FE1       1F     1FC2       0
                text12                              6D5      6D5       42        8       0
                text11                              78A      78A       2D      F14       0
                text10                              55C      55C       6D        8       0
                text9                               F8F      F8F       13     1F1E       0
                text8                               7E2      7E2       19      F14       0
                text7                               FB5      FB5       15     1F6A       0
                text6                               4EF      4EF       6D        8       0
                text5                               5C9      5C9       69        8       0
                text4                               632      632       5B        8       0
                text3                               445      445       AA        8       0
                text2                               F7D      F7D       12     1EFA       0
                text1                               7B7      7B7       2B      F14       0
                maintext                             31       31      414        8       0
                cstackBANK0                          20       20       1B       20       1
                cstackCOMMON                         70       70        8       70       1
                inittext                            FA2      FA2       13     1F44       0
                dataBANK1                            A0       A0       40       A0       1
                bssBANK0                             3B       3B        D       20       1
                bssCOMMON                            78       78        3       70       1
                strings                             757      757       33      EAE       0
                idataBANK1                          717      717       40        8       0

TOTAL           Name                               Link     Load   Length     Space
        CLASS   STACK          

        CLASS   CODE           
                end_init                              C        C        3         0
                cinit                                 F        F       22         0
                intentry                              4        4        8         0
                reset_vec                             0        0        3         0
                text16                              68D      68D       48         0
                text15                              F71      F71        C         0
                text14                              FCA      FCA       17         0
                text13                              FE1      FE1       1F         0
                text12                              6D5      6D5       42         0
                text11                              78A      78A       2D         0
                text10                              55C      55C       6D         0
                text9                               F8F      F8F       13         0
                text8                               7E2      7E2       19         0
                text7                               FB5      FB5       15         0
                text6                               4EF      4EF       6D         0
                text5                               5C9      5C9       69         0
                text4                               632      632       5B         0
                text3                               445      445       AA         0
                text2                               F7D      F7D       12         0
                text1                               7B7      7B7       2B         0
                maintext                             31       31      414         0
                inittext                            FA2      FA2       13         0
                idataBANK1                          717      717       40         0

        CLASS   STRCODE        

        CLASS   STRING         
                strings                             757      757       33         0

        CLASS   CONST          

        CLASS   ENTRY          

        CLASS   COMMON         
                cstackCOMMON                         70       70        8         1
                bssCOMMON                            78       78        3         1

        CLASS   BANK0          
                cstackBANK0                          20       20       1B         1
                bssBANK0                             3B       3B        D         1

        CLASS   BANK1          
                dataBANK1                            A0       A0       40         1

        CLASS   BANK2          

        CLASS   BANK3          

        CLASS   RAM            

        CLASS   ABS1           
                abs_s1                               7E       7E        2         1

        CLASS   SFR0           

        CLASS   SFR1           

        CLASS   SFR2           

        CLASS   SFR3           

        CLASS   CONFIG         
                config                             2007     2007        2         4

        CLASS   IDLOC          

        CLASS   EEDATA         



SEGMENTS        Name                           Load    Length   Top    Selector   Space  Class     Delta

                reset_vec                      000000  000003  000003         0       0  CODE        2
                intentry                       000004  000753  000757         8       0  CODE        2
                cstackBANK0                    000020  000028  000048        20       1  BANK0       1
                cstackCOMMON                   000070  00000B  00007B        70       1  COMMON      1
                dataBANK1                      0000A0  000040  0000E0        A0       1  BANK1       1
                strings                        000757  000033  00078A       EAE       0  STRING      2
                text11                         00078A  000071  0007FB       F14       0  CODE        2
                text15                         000F71  00000C  000F7D      1EE2       0  CODE        2
                text2                          000F7D  000012  000F8F      1EFA       0  CODE        2
                text9                          000F8F  000013  000FA2      1F1E       0  CODE        2
                inittext                       000FA2  000013  000FB5      1F44       0  CODE        2
                text7                          000FB5  000015  000FCA      1F6A       0  CODE        2
                text14                         000FCA  000017  000FE1      1F94       0  CODE        2
                text13                         000FE1  00001F  001000      1FC2       0  CODE        2


UNUSED ADDRESS RANGES

        Name                Unused          Largest block    Delta
        BANK0            0048-006F             28           1
        BANK1            00E0-00EF             10           1
        BANK2            0110-016F             60           1
        BANK3            0190-01EF             60           1
        CODE             0003-0003              1           2
                         07FB-0F70              5
                         1000-1FFF            800
        COMMON           007B-007D              3           1
        CONST            0003-0003              1           2
                         07FB-0F70            100
                         1000-1FFF            100
        EEDATA           2100-21FF            100           2
        ENTRY            0003-0003              1           2
                         07FB-0F70            100
                         1000-1FFF            100
        IDLOC            2000-2003              4           2
        RAM              0048-006F             28           1
                         00E0-00EF             10
                         0110-016F             60
                         0190-01EF             60
        SFR0             0000-001F             20           1
        SFR1             0080-009F             20           1
        SFR2             0100-010F             10           1
        SFR3             0180-018F             10           1
        STACK            0110-016F             60           1
        STRCODE          0003-0003              1           2
                         07FB-0F70            776
                         1000-1FFF           1000
        STRING           0003-0003              1           2
                         07FB-0F70            100
                         1000-1FFF            100

                                  Symbol Table

?___awdiv                cstackCOMMON 0073
?___awmod                cstackCOMMON 0073
?___wmul                 cstackCOMMON 0073
CheckTAPPING@butcount    cstackCOMMON 0073
CheckTAPPING@result      cstackCOMMON 0075
LCDByte@c                cstackBANK0  0022
LCDByte@hn               cstackBANK0  0020
LCDByte@isdata           cstackCOMMON 0073
LCDByte@ln               cstackBANK0  0021
LCDByte@temp             cstackBANK0  0023
LCDGotoXY@x              cstackBANK0  0024
LCDGotoXY@y              cstackCOMMON 0076
LCDInit@__i              cstackBANK0  0025
LCDInit@style            cstackBANK0  0024
LCDWriteInt@field_length cstackBANK0  0026
LCDWriteInt@i            cstackBANK0  0031
LCDWriteInt@j            cstackBANK0  002F
LCDWriteInt@str          cstackBANK0  002A
LCDWriteInt@val          cstackBANK0  0024
LCDWriteString@cc        cstackBANK0  0024
LCDWriteString@msg       cstackBANK0  0025
_ANSEL                   (abs)        0188
_ANSELH                  (abs)        0189
_BEEP                    text15       0F71
_BEEP1                   text14       0FCA
_CheckTAPPING            text13       0FE1
_DRIL_OFF                text9        0F8F
_DRIL_ON                 text8        07E2
_Forward                 text7        0FB5
_Forward_                strings      0768
_INTCON                  (abs)        000B
_INTF                    (abs)        0059
_LCDByte                 text12       06D5
_LCDGotoXY               text11       078A
_LCDInit                 text6        04EF
_LCDWriteInt             text3        0445
_LCDWriteString          text10       055C
_OFF_                    strings      0770
_ON_                     strings      0774
_OPTION_REG              (abs)        0081
_PORTA                   (abs)        0005
_PORTAbits               (abs)        0005
_PORTB                   (abs)        0006
_PORTC                   (abs)        0007
_RA4                     (abs)        002C
_RA5                     (abs)        002D
_RB1                     (abs)        0031
_RB2                     (abs)        0032
_RB3                     (abs)        0033
_RB4                     (abs)        0034
_RB5                     (abs)        0035
_RB6                     (abs)        0036
_RB7                     (abs)        0037
_RC7                     (abs)        003F
_Reverse                 text2        0F7D
_Reverse_                strings      0760
_T0IF                    (abs)        005A
_T1CKPS0                 (abs)        0084
_T1CKPS1                 (abs)        0085
_T1OSCEN                 (abs)        0083
_TIM0_count              bssCOMMON    007A
_TMR0                    (abs)        0001
_TMR1CS                  (abs)        0081
_TMR1GE                  (abs)        0086
_TMR1H                   (abs)        000F
_TMR1IE                  (abs)        0460
_TMR1IF                  (abs)        0060
_TMR1L                   (abs)        000E
_TMR1ON                  (abs)        0080
_TRISA                   (abs)        0085
_TRISAbits               (abs)        0085
_TRISB                   (abs)        0086
_TRISC                   (abs)        0087
_Tapping                 strings      0778
_WPUB                    (abs)        0095
__Habs1                  abs1         0000
__Hbank0                 bank0        0000
__Hbank1                 bank1        0000
__Hbank2                 bank2        0000
__Hbank3                 bank3        0000
__HbssBANK0              bssBANK0     0000
__HbssCOMMON             bssCOMMON    0000
__Hcinit                 cinit        0031
__Hclrtext               clrtext      0000
__Hcode                  code         0000
__Hcommon                common       0000
__Hconfig                config       2009
__HcstackBANK0           cstackBANK0  0000
__HcstackCOMMON          cstackCOMMON 0000
__HdataBANK1             dataBANK1    0000
__Heeprom_data           eeprom_data  0000
__Hend_init              end_init     000F
__Hfunctab               functab      0000
__HidataBANK1            idataBANK1   0000
__Hinit                  init         000C
__Hinittext              inittext     0000
__Hintentry              intentry     000C
__Hmaintext              maintext     0000
__Hpowerup               powerup      0000
__Hram                   ram          0000
__Hreset_vec             reset_vec    0003
__Hsfr0                  sfr0         0000
__Hsfr1                  sfr1         0000
__Hsfr2                  sfr2         0000
__Hsfr3                  sfr3         0000
__Hspace_0               (abs)        1000
__Hspace_1               (abs)        00E0
__Hspace_2               (abs)        0000
__Hspace_3               (abs)        0000
__Hspace_4               (abs)        4010
__Hstack                 stack        0000
__Hstrings               strings      0000
__Htext                  text         0000
__Labs1                  abs1         0000
__Lbank0                 bank0        0000
__Lbank1                 bank1        0000
__Lbank2                 bank2        0000
__Lbank3                 bank3        0000
__LbssBANK0              bssBANK0     0000
__LbssCOMMON             bssCOMMON    0000
__Lcinit                 cinit        000F
__Lclrtext               clrtext      0000
__Lcode                  code         0000
__Lcommon                common       0000
__Lconfig                config       0000
__LcstackBANK0           cstackBANK0  0000
__LcstackCOMMON          cstackCOMMON 0000
__LdataBANK1             dataBANK1    0000
__Leeprom_data           eeprom_data  0000
__Lend_init              end_init     000C
__Lfunctab               functab      0000
__LidataBANK1            idataBANK1   0000
__Linit                  init         000C
__Linittext              inittext     0000
__Lintentry              intentry     0004
__Lmaintext              maintext     0000
__Lpowerup               powerup      0000
__Lram                   ram          0000
__Lreset_vec             reset_vec    0000
__Lsfr0                  sfr0         0000
__Lsfr1                  sfr1         0000
__Lsfr2                  sfr2         0000
__Lsfr3                  sfr3         0000
__Lspace_0               (abs)        0000
__Lspace_1               (abs)        0000
__Lspace_2               (abs)        0000
__Lspace_3               (abs)        0000
__Lspace_4               (abs)        0000
__Lstack                 stack        0000
__Lstrings               strings      0000
__Ltext                  text         0000
__S0                     (abs)        1000
__S1                     (abs)        00E0
__S2                     (abs)        0000
__S3                     (abs)        0000
___awdiv                 text5        05C9
___awdiv@counter         cstackBANK0  0020
___awdiv@dividend        cstackCOMMON 0075
___awdiv@divisor         cstackCOMMON 0073
___awdiv@quotient        cstackBANK0  0022
___awdiv@sign            cstackBANK0  0021
___awmod                 text4        0632
___awmod@counter         cstackBANK0  0020
___awmod@dividend        cstackCOMMON 0075
___awmod@divisor         cstackCOMMON 0073
___awmod@sign            cstackBANK0  0021
___cgram                 dataBANK1    00A0
___int_sp                stack        0000
___latbits               (abs)        0002
___sp                    stack        0000
___stackhi               (abs)        0000
___stacklo               (abs)        0000
___wmul                  text1        07B7
___wmul@multiplicand     cstackCOMMON 0075
___wmul@multiplier       cstackCOMMON 0073
___wmul@product          cstackBANK0  0020
__end_of_BEEP            text15       0F7D
__end_of_BEEP1           text14       0FE1
__end_of_CheckTAPPING    text13       1000
__end_of_DRIL_OFF        text9        0FA2
__end_of_DRIL_ON         text8        07FB
__end_of_Forward         text7        0FCA
__end_of_Forward_        strings      0770
__end_of_LCDByte         text12       0717
__end_of_LCDGotoXY       text11       07B7
__end_of_LCDInit         text6        055C
__end_of_LCDWriteInt     text3        04EF
__end_of_LCDWriteString  text10       05C9
__end_of_Magn_count      strings      0760
__end_of_OFF_            strings      0774
__end_of_ON_             strings      0778
__end_of_Reverse         text2        0F8F
__end_of_Reverse_        strings      0768
__end_of_Tapping         strings      077C
__end_of___awdiv         text5        0632
__end_of___awmod         text4        068D
__end_of___wmul          text1        07E2
__end_of__initialization cinit        002D
__end_of__stringtab      strings      075D
__end_of_count_Hz        strings      075E
__end_of_isr             text16       06D5
__end_of_main            maintext     0445
__end_of_minute          strings      075F
__initialization         cinit        000F
__pbssBANK0              bssBANK0     003B
__pbssCOMMON             bssCOMMON    0078
__pcstackBANK0           cstackBANK0  0020
__pcstackCOMMON          cstackCOMMON 0070
__pdataBANK1             dataBANK1    00A0
__pidataBANK1            idataBANK1   0717
__pintentry              intentry     0004
__pmaintext              maintext     0031
__pstrings               strings      0757
__ptext1                 text1        07B7
__ptext10                text10       055C
__ptext11                text11       078A
__ptext12                text12       06D5
__ptext13                text13       0FE1
__ptext14                text14       0FCA
__ptext15                text15       0F71
__ptext16                text16       068D
__ptext2                 text2        0F7D
__ptext3                 text3        0445
__ptext4                 text4        0632
__ptext5                 text5        05C9
__ptext6                 text6        04EF
__ptext7                 text7        0FB5
__ptext8                 text8        07E2
__ptext9                 text9        0F8F
__size_of_BEEP           (abs)        0000
__size_of_BEEP1          (abs)        0000
__size_of_CheckTAPPING   (abs)        0000
__size_of_DRIL_OFF       (abs)        0000
__size_of_DRIL_ON        (abs)        0000
__size_of_Forward        (abs)        0000
__size_of_LCDByte        (abs)        0000
__size_of_LCDGotoXY      (abs)        0000
__size_of_LCDInit        (abs)        0000
__size_of_LCDWriteInt    (abs)        0000
__size_of_LCDWriteString (abs)        0000
__size_of_Reverse        (abs)        0000
__size_of___awdiv        (abs)        0000
__size_of___awmod        (abs)        0000
__size_of___wmul         (abs)        0000
__size_of_isr            (abs)        0000
__size_of_main           (abs)        0000
__stringbase             strings      075C
__stringtab              strings      0757
_count                   bssBANK0     0042
_delay_beep              bssCOMMON    0078
_flag_timer1             bssBANK0     0044
_isr                     text16       068D
_main                    maintext     0031
_percent                 bssBANK0     0046
btemp                    (abs)        007E
end_of_initialization    cinit        002D
init_fetch0              inittext     0FA2
init_ram0                inittext     0FA6
interrupt_function       intentry     0004
intlevel0                functab      0000
intlevel1                functab      0000
intlevel2                functab      0000
intlevel3                functab      0000
intlevel4                functab      0000
intlevel5                functab      0000
main@DIRECTION           cstackBANK0  0036
main@ON_FLAG             cstackBANK0  0038
main@RPM_count           cstackBANK0  0039
main@flag_tapping        cstackBANK0  0037
reset_vec                reset_vec    0000
saved_w                  (abs)        007E
start                    init         000C
start_initialization     cinit        000F
wtemp0                   (abs)        007E


FUNCTION INFORMATION:

 *************** function _main *****************
 Defined at:
		line 31 in file "main.c"
 Parameters:    Size  Location     Type
		None
 Auto vars:     Size  Location     Type
  RPM_count       2   25[BANK0 ] unsigned int 
  ON_FLAG         1   24[BANK0 ] unsigned char 
  flag_tapping    1   23[BANK0 ] unsigned char 
  DIRECTION       1   22[BANK0 ] unsigned char 
 Return value:  Size  Location     Type
                  1    wreg      void 
 Registers used:
		wreg, fsr0l, fsr0h, status,2, status,0, btemp+1, pclath, cstack
 Tracked objects:
		On entry : 
		On exit  : 
		Unchanged: 
 Data sizes:     COMMON   BANK0   BANK1   BANK3   BANK2
      Params:         0       0       0       0       0
      Locals:         0       5       0       0       0
      Temps:          0       3       0       0       0
      Totals:         0       8       0       0       0
Total ram usage:        8 bytes
 Hardware stack levels required when called:    4
 This function calls:
		_BEEP
		_BEEP1
		_CheckTAPPING
		_DRIL_OFF
		_DRIL_ON
		_Forward
		_LCDByte
		_LCDGotoXY
		_LCDInit
		_LCDWriteInt
		_LCDWriteString
		_Reverse
		___wmul
 This function is called by:
		Startup code after reset
 This function uses a non-reentrant model


 *************** function ___wmul *****************
 Defined at:
		line 15 in file "C:\Program Files\Microchip\xc8\v2.30\pic\sources\c90\common\Umul16.c"
 Parameters:    Size  Location     Type
  multiplier      2    3[COMMON] unsigned int 
  multiplicand    2    5[COMMON] unsigned int 
 Auto vars:     Size  Location     Type
  product         2    0[BANK0 ] unsigned int 
 Return value:  Size  Location     Type
                  2    3[COMMON] unsigned int 
 Registers used:
		wreg, status,2, status,0
 Tracked objects:
		On entry : 
		On exit  : 
		Unchanged: 
 Data sizes:     COMMON   BANK0   BANK1   BANK3   BANK2
      Params:         4       0       0       0       0
      Locals:         0       2       0       0       0
      Temps:          0       0       0       0       0
      Totals:         4       2       0       0       0
Total ram usage:        6 bytes
 Hardware stack levels used:    1
 Hardware stack levels required when called:    1
 This function calls:
		Nothing
 This function is called by:
		_main
 This function uses a non-reentrant model


 *************** function _Reverse *****************
 Defined at:
		line 410 in file "main.c"
 Parameters:    Size  Location     Type
		None
 Auto vars:     Size  Location     Type
		None
 Return value:  Size  Location     Type
                  1    wreg      unsigned char 
 Registers used:
		wreg, fsr0l, fsr0h, status,2, status,0, pclath, cstack
 Tracked objects:
		On entry : 
		On exit  : 
		Unchanged: 
 Data sizes:     COMMON   BANK0   BANK1   BANK3   BANK2
      Params:         0       0       0       0       0
      Locals:         0       0       0       0       0
      Temps:          0       0       0       0       0
      Totals:         0       0       0       0       0
Total ram usage:        0 bytes
 Hardware stack levels used:    1
 Hardware stack levels required when called:    3
 This function calls:
		_LCDGotoXY
		_LCDWriteString
 This function is called by:
		_main
 This function uses a non-reentrant model


 *************** function _LCDWriteInt *****************
 Defined at:
		line 322 in file "lcd_hd44780_pic16.c"
 Parameters:    Size  Location     Type
  val             2    4[BANK0 ] int 
  field_length    1    6[BANK0 ] char 
 Auto vars:     Size  Location     Type
  str             5   10[BANK0 ] unsigned char [5]
  i               2   17[BANK0 ] int 
  j               2   15[BANK0 ] int 
 Return value:  Size  Location     Type
                  1    wreg      void 
 Registers used:
		wreg, fsr0l, fsr0h, status,2, status,0, btemp+1, pclath, cstack
 Tracked objects:
		On entry : 
		On exit  : 
		Unchanged: 
 Data sizes:     COMMON   BANK0   BANK1   BANK3   BANK2
      Params:         0       3       0       0       0
      Locals:         0       9       0       0       0
      Temps:          0       3       0       0       0
      Totals:         0      15       0       0       0
Total ram usage:       15 bytes
 Hardware stack levels used:    1
 Hardware stack levels required when called:    2
 This function calls:
		_LCDByte
		___awdiv
		___awmod
 This function is called by:
		_main
 This function uses a non-reentrant model


 *************** function ___awmod *****************
 Defined at:
		line 5 in file "C:\Program Files\Microchip\xc8\v2.30\pic\sources\c90\common\awmod.c"
 Parameters:    Size  Location     Type
  divisor         2    3[COMMON] int 
  dividend        2    5[COMMON] int 
 Auto vars:     Size  Location     Type
  sign            1    1[BANK0 ] unsigned char 
  counter         1    0[BANK0 ] unsigned char 
 Return value:  Size  Location     Type
                  2    3[COMMON] int 
 Registers used:
		wreg, status,2, status,0
 Tracked objects:
		On entry : 
		On exit  : 
		Unchanged: 
 Data sizes:     COMMON   BANK0   BANK1   BANK3   BANK2
      Params:         4       0       0       0       0
      Locals:         0       2       0       0       0
      Temps:          1       0       0       0       0
      Totals:         5       2       0       0       0
Total ram usage:        7 bytes
 Hardware stack levels used:    1
 Hardware stack levels required when called:    1
 This function calls:
		Nothing
 This function is called by:
		_LCDWriteInt
 This function uses a non-reentrant model


 *************** function ___awdiv *****************
 Defined at:
		line 5 in file "C:\Program Files\Microchip\xc8\v2.30\pic\sources\c90\common\awdiv.c"
 Parameters:    Size  Location     Type
  divisor         2    3[COMMON] int 
  dividend        2    5[COMMON] int 
 Auto vars:     Size  Location     Type
  quotient        2    2[BANK0 ] int 
  sign            1    1[BANK0 ] unsigned char 
  counter         1    0[BANK0 ] unsigned char 
 Return value:  Size  Location     Type
                  2    3[COMMON] int 
 Registers used:
		wreg, status,2, status,0
 Tracked objects:
		On entry : 
		On exit  : 
		Unchanged: 
 Data sizes:     COMMON   BANK0   BANK1   BANK3   BANK2
      Params:         4       0       0       0       0
      Locals:         0       4       0       0       0
      Temps:          1       0       0       0       0
      Totals:         5       4       0       0       0
Total ram usage:        9 bytes
 Hardware stack levels used:    1
 Hardware stack levels required when called:    1
 This function calls:
		Nothing
 This function is called by:
		_LCDWriteInt
 This function uses a non-reentrant model


 *************** function _LCDInit *****************
 Defined at:
		line 199 in file "lcd_hd44780_pic16.c"
 Parameters:    Size  Location     Type
  style           1    wreg     unsigned char 
 Auto vars:     Size  Location     Type
  style           1    4[BANK0 ] unsigned char 
  __i             1    5[BANK0 ] unsigned char 
 Return value:  Size  Location     Type
                  1    wreg      void 
 Registers used:
		wreg, fsr0l, fsr0h, status,2, status,0, pclath, cstack
 Tracked objects:
		On entry : 
		On exit  : 
		Unchanged: 
 Data sizes:     COMMON   BANK0   BANK1   BANK3   BANK2
      Params:         0       0       0       0       0
      Locals:         0       2       0       0       0
      Temps:          2       0       0       0       0
      Totals:         2       2       0       0       0
Total ram usage:        4 bytes
 Hardware stack levels used:    1
 Hardware stack levels required when called:    2
 This function calls:
		_LCDByte
 This function is called by:
		_main
 This function uses a non-reentrant model


 *************** function _Forward *****************
 Defined at:
		line 421 in file "main.c"
 Parameters:    Size  Location     Type
		None
 Auto vars:     Size  Location     Type
		None
 Return value:  Size  Location     Type
                  1    wreg      unsigned char 
 Registers used:
		wreg, fsr0l, fsr0h, status,2, status,0, pclath, cstack
 Tracked objects:
		On entry : 
		On exit  : 
		Unchanged: 
 Data sizes:     COMMON   BANK0   BANK1   BANK3   BANK2
      Params:         0       0       0       0       0
      Locals:         0       0       0       0       0
      Temps:          0       1       0       0       0
      Totals:         0       1       0       0       0
Total ram usage:        1 bytes
 Hardware stack levels used:    1
 Hardware stack levels required when called:    3
 This function calls:
		_LCDGotoXY
		_LCDWriteString
 This function is called by:
		_main
 This function uses a non-reentrant model


 *************** function _DRIL_ON *****************
 Defined at:
		line 431 in file "main.c"
 Parameters:    Size  Location     Type
		None
 Auto vars:     Size  Location     Type
		None
 Return value:  Size  Location     Type
                  1    wreg      unsigned char 
 Registers used:
		wreg, fsr0l, fsr0h, status,2, status,0, pclath, cstack
 Tracked objects:
		On entry : 
		On exit  : 
		Unchanged: 
 Data sizes:     COMMON   BANK0   BANK1   BANK3   BANK2
      Params:         0       0       0       0       0
      Locals:         0       0       0       0       0
      Temps:          0       1       0       0       0
      Totals:         0       1       0       0       0
Total ram usage:        1 bytes
 Hardware stack levels used:    1
 Hardware stack levels required when called:    3
 This function calls:
		_LCDGotoXY
		_LCDWriteString
 This function is called by:
		_main
 This function uses a non-reentrant model


 *************** function _DRIL_OFF *****************
 Defined at:
		line 440 in file "main.c"
 Parameters:    Size  Location     Type
		None
 Auto vars:     Size  Location     Type
		None
 Return value:  Size  Location     Type
                  1    wreg      unsigned char 
 Registers used:
		wreg, fsr0l, fsr0h, status,2, status,0, pclath, cstack
 Tracked objects:
		On entry : 
		On exit  : 
		Unchanged: 
 Data sizes:     COMMON   BANK0   BANK1   BANK3   BANK2
      Params:         0       0       0       0       0
      Locals:         0       0       0       0       0
      Temps:          0       0       0       0       0
      Totals:         0       0       0       0       0
Total ram usage:        0 bytes
 Hardware stack levels used:    1
 Hardware stack levels required when called:    3
 This function calls:
		_LCDGotoXY
		_LCDWriteString
 This function is called by:
		_main
 This function uses a non-reentrant model


 *************** function _LCDWriteString *****************
 Defined at:
		line 264 in file "lcd_hd44780_pic16.c"
 Parameters:    Size  Location     Type
  msg             1    wreg     PTR const unsigned char 
		 -> ON_(4), Forward_(8), Reverse_(8), STR_8(2), 
		 -> STR_7(3), STR_6(4), STR_5(2), STR_4(3), 
		 -> STR_3(4), Tapping(4), STR_2(4), STR_1(6), 
		 -> OFF_(4), 
 Auto vars:     Size  Location     Type
  msg             1    5[BANK0 ] PTR const unsigned char 
		 -> ON_(4), Forward_(8), Reverse_(8), STR_8(2), 
		 -> STR_7(3), STR_6(4), STR_5(2), STR_4(3), 
		 -> STR_3(4), Tapping(4), STR_2(4), STR_1(6), 
		 -> OFF_(4), 
  cc              1    4[BANK0 ] char 
 Return value:  Size  Location     Type
                  1    wreg      void 
 Registers used:
		wreg, fsr0l, fsr0h, status,2, status,0, pclath, cstack
 Tracked objects:
		On entry : 
		On exit  : 
		Unchanged: 
 Data sizes:     COMMON   BANK0   BANK1   BANK3   BANK2
      Params:         0       0       0       0       0
      Locals:         0       2       0       0       0
      Temps:          1       0       0       0       0
      Totals:         1       2       0       0       0
Total ram usage:        3 bytes
 Hardware stack levels used:    1
 Hardware stack levels required when called:    2
 This function calls:
		_LCDByte
 This function is called by:
		_main
		_Reverse
		_Forward
		_DRIL_ON
		_DRIL_OFF
 This function uses a non-reentrant model


 *************** function _LCDGotoXY *****************
 Defined at:
		line 367 in file "lcd_hd44780_pic16.c"
 Parameters:    Size  Location     Type
  x               1    wreg     unsigned char 
  y               1    6[COMMON] unsigned char 
 Auto vars:     Size  Location     Type
  x               1    4[BANK0 ] unsigned char 
 Return value:  Size  Location     Type
                  1    wreg      void 
 Registers used:
		wreg, fsr0l, fsr0h, status,2, status,0, pclath, cstack
 Tracked objects:
		On entry : 
		On exit  : 
		Unchanged: 
 Data sizes:     COMMON   BANK0   BANK1   BANK3   BANK2
      Params:         1       0       0       0       0
      Locals:         0       1       0       0       0
      Temps:          1       0       0       0       0
      Totals:         2       1       0       0       0
Total ram usage:        3 bytes
 Hardware stack levels used:    1
 Hardware stack levels required when called:    2
 This function calls:
		_LCDByte
 This function is called by:
		_main
		_Reverse
		_Forward
		_DRIL_ON
		_DRIL_OFF
 This function uses a non-reentrant model


 *************** function _LCDByte *****************
 Defined at:
		line 84 in file "lcd_hd44780_pic16.c"
 Parameters:    Size  Location     Type
  c               1    wreg     unsigned char 
  isdata          1    3[COMMON] unsigned char 
 Auto vars:     Size  Location     Type
  c               1    2[BANK0 ] unsigned char 
  temp            1    3[BANK0 ] unsigned char 
  ln              1    1[BANK0 ] unsigned char 
  hn              1    0[BANK0 ] unsigned char 
 Return value:  Size  Location     Type
                  1    wreg      void 
 Registers used:
		wreg, status,2, status,0
 Tracked objects:
		On entry : 
		On exit  : 
		Unchanged: 
 Data sizes:     COMMON   BANK0   BANK1   BANK3   BANK2
      Params:         1       0       0       0       0
      Locals:         0       4       0       0       0
      Temps:          2       0       0       0       0
      Totals:         3       4       0       0       0
Total ram usage:        7 bytes
 Hardware stack levels used:    1
 Hardware stack levels required when called:    1
 This function calls:
		Nothing
 This function is called by:
		_main
		_LCDInit
		_LCDWriteString
		_LCDWriteInt
		_LCDGotoXY
 This function uses a non-reentrant model


 *************** function _CheckTAPPING *****************
 Defined at:
		line 389 in file "main.c"
 Parameters:    Size  Location     Type
		None
 Auto vars:     Size  Location     Type
  butcount        2    3[COMMON] unsigned int 
  result          1    5[COMMON] unsigned char 
 Return value:  Size  Location     Type
                  1    wreg      unsigned char 
 Registers used:
		wreg, status,2
 Tracked objects:
		On entry : 
		On exit  : 
		Unchanged: 
 Data sizes:     COMMON   BANK0   BANK1   BANK3   BANK2
      Params:         0       0       0       0       0
      Locals:         3       0       0       0       0
      Temps:          0       0       0       0       0
      Totals:         3       0       0       0       0
Total ram usage:        3 bytes
 Hardware stack levels used:    1
 Hardware stack levels required when called:    1
 This function calls:
		Nothing
 This function is called by:
		_main
 This function uses a non-reentrant model


 *************** function _BEEP1 *****************
 Defined at:
		line 464 in file "main.c"
 Parameters:    Size  Location     Type
		None
 Auto vars:     Size  Location     Type
		None
 Return value:  Size  Location     Type
                  1    wreg      void 
 Registers used:
		wreg, status,2, status,0
 Tracked objects:
		On entry : 
		On exit  : 
		Unchanged: 
 Data sizes:     COMMON   BANK0   BANK1   BANK3   BANK2
      Params:         0       0       0       0       0
      Locals:         0       0       0       0       0
      Temps:          3       0       0       0       0
      Totals:         3       0       0       0       0
Total ram usage:        3 bytes
 Hardware stack levels used:    1
 Hardware stack levels required when called:    1
 This function calls:
		Nothing
 This function is called by:
		_main
 This function uses a non-reentrant model


 *************** function _BEEP *****************
 Defined at:
		line 449 in file "main.c"
 Parameters:    Size  Location     Type
		None
 Auto vars:     Size  Location     Type
		None
 Return value:  Size  Location     Type
                  1    wreg      void 
 Registers used:
		wreg, status,2, status,0
 Tracked objects:
		On entry : 
		On exit  : 
		Unchanged: 
 Data sizes:     COMMON   BANK0   BANK1   BANK3   BANK2
      Params:         0       0       0       0       0
      Locals:         0       0       0       0       0
      Temps:          0       0       0       0       0
      Totals:         0       0       0       0       0
Total ram usage:        0 bytes
 Hardware stack levels used:    1
 Hardware stack levels required when called:    1
 This function calls:
		Nothing
 This function is called by:
		_main
 This function uses a non-reentrant model


 *************** function _isr *****************
 Defined at:
		line 471 in file "main.c"
 Parameters:    Size  Location     Type
		None
 Auto vars:     Size  Location     Type
		None
 Return value:  Size  Location     Type
                  1    wreg      void 
 Registers used:
		wreg, status,2, status,0
 Tracked objects:
		On entry : 
		On exit  : 
		Unchanged: 
 Data sizes:     COMMON   BANK0   BANK1   BANK3   BANK2
      Params:         0       0       0       0       0
      Locals:         0       0       0       0       0
      Temps:          3       0       0       0       0
      Totals:         3       0       0       0       0
Total ram usage:        3 bytes
 Hardware stack levels used:    1
 This function calls:
		Nothing
 This function is called by:
		Interrupt level 1
 This function uses a non-reentrant model



MODULE INFORMATION

Module		Function		Class		Link	Load	Size
C:\Program Files\Microchip\xc8\v2.30\pic\sources\c90\common\awmod.c
		___awmod       		CODE           	0632	0000	91

C:\Program Files\Microchip\xc8\v2.30\pic\sources\c90\common\awmod.c estimated size: 91

C:\Program Files\Microchip\xc8\v2.30\pic\sources\c90\common\awdiv.c
		___awdiv       		CODE           	05C9	0000	105

C:\Program Files\Microchip\xc8\v2.30\pic\sources\c90\common\awdiv.c estimated size: 105

shared
		_Forward_      		STRING         	0768	0000	8
		__stringtab    		STRING         	0757	0000	6
		_count_Hz      		STRING         	0000	0000	0
		_Tapping       		STRING         	0778	0000	4
		__initialization		CODE           	000F	0000	30
		_Reverse_      		STRING         	0760	0000	8
		_OFF_          		STRING         	0770	0000	4
		_Magn_count    		STRING         	0000	0000	0
		_ON_           		STRING         	0774	0000	4
		_minute        		STRING         	0000	0000	0

shared estimated size: 64

C:\Program Files\Microchip\xc8\v2.30\pic\sources\c90\common\Umul16.c
		___wmul        		CODE           	07B7	0000	43

C:\Program Files\Microchip\xc8\v2.30\pic\sources\c90\common\Umul16.c estimated size: 43

lcd_hd44780_pic16.c
		_LCDByte       		CODE           	06D5	0000	66
		_LCDWriteInt   		CODE           	0445	0000	170
		_LCDInit       		CODE           	04EF	0000	109
		_LCDWriteString		CODE           	055C	0000	109
		_LCDGotoXY     		CODE           	078A	0000	45

lcd_hd44780_pic16.c estimated size: 499

main.c
		_Forward       		CODE           	0FB5	0000	21
		_BEEP          		CODE           	0F71	0000	12
		_main          		CODE           	0031	0000	1044
		_DRIL_ON       		CODE           	07E2	0000	25
		_Reverse       		CODE           	0F7D	0000	18
		_BEEP1         		CODE           	0FCA	0000	23
		_isr           		CODE           	068D	0000	72
		_DRIL_OFF      		CODE           	0F8F	0000	19
		_CheckTAPPING  		CODE           	0FE1	0000	31

main.c estimated size: 1265

